---
source: src/tests/window_opening.rs
description: "open fullscreen: true\ndefault column width: U\ndefault window height: P0.5\nwant fullscreen: BU"
expression: snapshot
---
initial configure:
size: 1280 × 720, bounds: 1248 × 688, states: [Fullscreen]

post-map configures:
size: 1280 × 720, bounds: 1248 × 688, states: [Fullscreen, Activated]

unfullscreen configure:
size: 1 × 336, bounds: 1248 × 688, states: [Activated]
