---
source: src/tests/window_opening.rs
description: "open maximized: true\nopen floating: true\ndefault column width: U\ndefault window height: P0.5\nwant fullscreen: AN\ntabbed"
expression: snapshot
---
initial configure:
size: 0 × 360, bounds: 1280 × 720, states: []

post-map configures:
size: 1280 × 720, bounds: 1239 × 688, states: [Fullscreen]
size: 1280 × 720, bounds: 1239 × 688, states: [Fullscreen, Activated]

unfullscreen configure:
size: 0 × 0, bounds: 1280 × 720, states: [Activated]
