---
source: src/tests/window_opening.rs
description: "open fullscreen: false\nopen maximized: true\nopen floating: true\ndefault window height: F500\nwant fullscreen: BN"
expression: snapshot
---
initial configure:
size: 0 × 500, bounds: 1280 × 720, states: []

post-map configures:
size: 1 × 1, bounds: 1280 × 720, states: [Activated]
