---
source: src/tests/window_opening.rs
description: "open fullscreen: false\nopen floating: true\ndefault window height: U\nwant fullscreen: BN"
expression: snapshot
---
initial configure:
size: 0 × 0, bounds: 1280 × 720, states: []

post-map configures:
size: 1 × 1, bounds: 1280 × 720, states: [Activated]
