---
source: src/tests/window_opening.rs
description: "open fullscreen: true\nopen maximized: true\ndefault column width: F1000\ndefault window height: F500\nwant fullscreen: AU\ntabbed"
expression: snapshot
---
initial configure:
size: 1280 × 720, bounds: 1239 × 688, states: [Fullscreen]

post-map configures:
size: 1239 × 500, bounds: 1239 × 688, states: []
size: 1239 × 500, bounds: 1239 × 688, states: [Activated]
