---
source: src/tests/window_opening.rs
description: "open on output: headless-2\nopen fullscreen: false\nwant fullscreen: AU\nset parent: B1"
expression: snapshot
---
final monitor: headless-2
final workspace: 0 (ws-2)

initial configure:
size: 0 × 0, bounds: 1900 × 1060, states: []

post-map configures:
size: 0 × 0, bounds: 1900 × 1060, states: []
size: 1 × 1, bounds: 1900 × 1060, states: []
