---
source: src/tests/window_opening.rs
description: "open maximized: true\ndefault column width: U\ndefault window height: P0.5\nwant fullscreen: AU\ntabbed"
expression: snapshot
---
initial configure:
size: 1239 × 336, bounds: 1239 × 688, states: []

post-map configures:
size: 1239 × 336, bounds: 1239 × 688, states: []
size: 1239 × 336, bounds: 1239 × 688, states: [Activated]
