---
source: src/tests/window_opening.rs
description: "open fullscreen: true\nopen maximized: true\nopen floating: true\ndefault column width: P0.25\ndefault window height: F500\nborder on\nwant fullscreen: AU"
expression: snapshot
---
initial configure:
size: 1280 × 720, bounds: 1272 × 712, states: [Fullscreen]

post-map configures:
size: 312 × 500, bounds: 1272 × 712, states: []
size: 312 × 500, bounds: 1272 × 712, states: [Activated]
