---
source: src/tests/window_opening.rs
description: "default column width: U\ndefault window height: F500\nwant fullscreen: BU\ntabbed"
expression: snapshot
---
initial configure:
size: 0 × 500, bounds: 1239 × 688, states: []

post-map configures:
size: 1 × 500, bounds: 1239 × 688, states: [Activated]
