---
source: src/tests/window_opening.rs
description: "open on workspace: ws-1\nopen on output: headless-2\nwant fullscreen: BU\nset parent: B2"
expression: snapshot
---
final monitor: headless-1
final workspace: 0 (ws-1)

initial configure:
size: 0 × 0, bounds: 1280 × 720, states: []

post-map configures:
size: 1 × 1, bounds: 1280 × 720, states: [Activated]
