---
source: src/tests/window_opening.rs
description: "open fullscreen: false\ndefault column width: U\ndefault window height: P0.5\ntabbed"
expression: snapshot
---
initial configure:
size: 0 × 336, bounds: 1239 × 688, states: []

post-map configures:
size: 1 × 336, bounds: 1239 × 688, states: [Activated]
