---
source: src/tests/window_opening.rs
description: "open fullscreen: false\nopen floating: true\ndefault column width: F1000\ndefault window height: P0.5\nborder on\ntabbed"
expression: snapshot
---
initial configure:
size: 1000 × 352, bounds: 1272 × 712, states: []

post-map configures:
size: 1 × 1, bounds: 1272 × 712, states: [Activated]
