---
source: src/tests/window_opening.rs
description: "open on output: headless-1\nopen fullscreen: false\nwant fullscreen: AN\nset parent: B2"
expression: snapshot
---
final monitor: headless-1
final workspace: 0 (ws-1)

initial configure:
size: 0 × 0, bounds: 1280 × 720, states: []

post-map configures:
size: 1280 × 720, bounds: 1248 × 688, states: [Fullscreen]
size: 1280 × 720, bounds: 1248 × 688, states: [Fullscreen, Activated]

unfullscreen configure:
size: 0 × 0, bounds: 1280 × 720, states: [Activated]
