---
source: src/tests/window_opening.rs
description: "open fullscreen: false\nopen maximized: true\nopen floating: true\ndefault column width: U\ndefault window height: U\nborder on\nwant fullscreen: AU\ntabbed"
expression: snapshot
---
initial configure:
size: 0 × 0, bounds: 1272 × 712, states: []

post-map configures:
size: 0 × 0, bounds: 1272 × 712, states: []
size: 1 × 1, bounds: 1272 × 712, states: [Activated]
