---
source: src/tests/window_opening.rs
description: "open maximized: true\nopen floating: true\ndefault window height: U\nborder on\nwant fullscreen: BU"
expression: snapshot
---
initial configure:
size: 0 × 0, bounds: 1272 × 712, states: []

post-map configures:
size: 1 × 1, bounds: 1272 × 712, states: [Activated]
