---
source: src/tests/window_opening.rs
description: "open fullscreen: false\nopen floating: true\ndefault window height: F500\nborder on"
expression: snapshot
---
initial configure:
size: 0 × 500, bounds: 1272 × 712, states: []

post-map configures:
size: 1 × 1, bounds: 1272 × 712, states: [Activated]
