---
source: src/tests/window_opening.rs
description: "open maximized: true\ndefault column width: P0.25\nwant fullscreen: AN\ntabbed"
expression: snapshot
---
initial configure:
size: 1239 × 688, bounds: 1239 × 688, states: []

post-map configures:
size: 1280 × 720, bounds: 1239 × 688, states: [Fullscreen]
size: 1280 × 720, bounds: 1239 × 688, states: [Fullscreen, Activated]

unfullscreen configure:
size: 1239 × 688, bounds: 1239 × 688, states: [Activated]
