---
source: src/tests/window_opening.rs
description: "open fullscreen: false\nopen maximized: true\ndefault column width: P0.25\nborder on"
expression: snapshot
---
initial configure:
size: 1240 × 680, bounds: 1240 × 680, states: []

post-map configures:
size: 1240 × 680, bounds: 1240 × 680, states: [Activated]
