---
source: src/tests/window_opening.rs
description: "open fullscreen: true\nopen maximized: true\nopen floating: true\ndefault column width: P0.25\nwant fullscreen: BN\ntabbed"
expression: snapshot
---
initial configure:
size: 1280 × 720, bounds: 1280 × 720, states: [Fullscreen]

post-map configures:
size: 1280 × 720, bounds: 1239 × 688, states: [Fullscreen, Activated]

unfullscreen configure:
size: 0 × 0, bounds: 1280 × 720, states: [Activated]
